// Jest Snapshot v1, https://goo.gl/fbAQLP

exports[`compile a project and test resource collect resource collect 1`] = `
Array [
  "app.js",
  "assets",
  "assets/2.png",
  "assets/4.png",
  "assets/5.png",
  "Common",
  "Common/1.png",
  "Common/2.png",
  "Common/3.png",
  "Common/4.png",
  "Common/5.png",
  "Common/6.png",
  "Common/7.png",
  "Common/logo.png",
  "Demo",
  "Demo/index.js",
  "manifest.json",
  "node_modules",
  "node_modules/qa-test-ui",
  "node_modules/qa-test-ui/assets",
  "node_modules/qa-test-ui/assets/1.png",
  "node_modules/qa-test-ui/assets/3.png",
  "node_modules/qa-test-ui/assets/6.png",
  "node_modules/qa-test-ui/assets/7.png",
]
`;
